node.exe : FAIL tests/incident_workflow.test.ts
At C:\Program Files\nodejs\npx.ps1:29 char:3
+   & $NODE_EXE $NPX_CLI_JS $args
+   ~~~~~~~~~~~~~~~~~~~~~~~~~~~~~
    + CategoryInfo          : NotSpecified: (FAIL tests/incident_workflow.test.ts:St 
   ring) [], RemoteException
    + FullyQualifiedErrorId : NativeCommandError
 
  OpsGuardian End-to-End Flow
    ├ù should handle the full incident lifecycle (25 ms)

  ΓùÅ OpsGuardian End-to-End Flow ΓÇ║ should handle the full incident lifecycle

    AggregateError:


Test Suites: 1 failed, 1 total
Tests:       1 failed, 1 total
Snapshots:   0 total
Time:        3.248 s, estimated 6 s
Ran all test suites.
